node.exe : npm warn 
Unknown cli config 
"--coverage". This 
will stop working in 
the next major version 
of npm.
At C:\Program Files\nod
ejs\npm.ps1:29 char:3
+   & $NODE_EXE 
$NPM_CLI_JS $args
+   ~~~~~~~~~~~~~~~~~~~
~~~~~~~~~~
    + CategoryInfo     
         : NotSpecifi  
  ed: (npm warn Unkn   
 ow...version of np    
m.:String) [], Rem    
oteException
    + FullyQualifiedEr 
   rorId : NativeComm  
  andError
 

> intent-engine@1.0.0 test
> jest --coverage

FAIL tests/detectIntent
.test.js
  ΓùÅ Intent Engine 
Quality Gate ΓÇ║ 
Should match simple 
English order status

    expect(received).to
Be(expected) // 
Object.is equality

    Expected: "MEDIUM"
    Received: "HIGH"

    [0m [90m  6 
|[39m         
[36mconst[39m result 
[33m=[39m detectInten
t([32m"where is my 
order"[39m)[33m;[39m
     [90m  7 |[39m   
      expect(result[33
m.[39mintent)[33m.[3
9mtoBe([32m"ORDER_STAT
US"[39m)[33m;[39m
    [31m[1m>[22m[39
m[90m  8 |[39m       
  expect(result[33m.[
39mconfidence)[33m.[3
9mtoBe([32m"MEDIUM"[3
9m)[33m;[39m
     [90m    |[39m   
                       
         
[31m[1m^[22m[39m
     [90m  9 |[39m   
  })[33m;[39m
     [90m 10 |[39m
     [90m 11 |[39m   
  test([32m'Should 
match Hindi order statu
s'[39m[33m,[39m () 
[33m=>[39m {[0m

      at Object.toBe (t
ests/detectIntent.test.
js:8:35)

  ΓùÅ Intent Engine 
Quality Gate ΓÇ║ 
Should apply context 
boost

    expect(received).to
Be(expected) // 
Object.is equality

    Expected: 
"CANCEL_ORDER"
    Received: "UNKNOWN"

    [0m [90m 26 
|[39m         [90m// 
Let's test with 
'cancel' which is in 
'order_related' 
group[39m
     [90m 27 |[39m   
      [36mconst[39m 
resultWithContext 
[33m=[39m detectInten
t([32m"cancel"[39m[3
3m,[39m { active_label
s[33m:[39m [[32m'ord
er_related'[39m] 
})[33m;[39m
    [31m[1m>[22m[39
m[90m 28 |[39m       
  expect(resultWithCont
ext[33m.[39mintent)[
33m.[39mtoBe([32m"CAN
CEL_ORDER"[39m)[33m;
[39m
     [90m    |[39m   
                       
                
[31m[1m^[22m[39m
     [90m 29 |[39m   
  })[33m;[39m
     [90m 30 |[39m
     [90m 31 |[39m   
  test([32m'Should 
fallback to fuzzy 
matching for 
typos'[39m[33m,[39m 
() [33m=>[39m {[0m

      at Object.toBe (t
ests/detectIntent.test.
js:28:42)

  ΓùÅ Intent Engine 
Quality Gate ΓÇ║ 
Should fallback to 
fuzzy matching for 
typos

    expect(received).to
Be(expected) // 
Object.is equality

    Expected: "FUZZY"
    Received: "NONE"

    [0m [90m 31 
|[39m     
test([32m'Should 
fallback to fuzzy 
matching for 
typos'[39m[33m,[39m 
() [33m=>[39m {
     [90m 32 |[39m   
      [36mconst[39m 
result [33m=[39m dete
ctIntent([32m"statur"
[39m)[33m;[39m 
[90m// typo of status 
in humanName "Check 
Order Status"[39m
    [31m[1m>[22m[39
m[90m 33 |[39m       
  expect(result[33m.[
39mmatched_by)[33m.[3
9mtoBe([32m"FUZZY"[39
m)[33m;[39m
     [90m    |[39m   
                       
         
[31m[1m^[22m[39m
     [90m 34 |[39m   
      expect(result[33
m.[39mintent)[33m.[3
9mtoBe([32m"ORDER_STAT
US"[39m)[33m;[39m
     [90m 35 |[39m   
  })[33m;[39m
     [90m 36 
|[39m[0m

      at Object.toBe (t
ests/detectIntent.test.
js:33:35)

FAIL tests/platform_int
egration.test.js
  ΓùÅ Test suite 
failed to run

    Your test suite 
must contain at least 
one test.

      at onResult (node
_modules/@jest/core/bui
ld/TestScheduler.js:133
:18)
      at node_modules/@
jest/core/build/TestSch
eduler.js:254:19
      at node_modules/e
mittery/index.js:363:13
          at Array.map 
(<anonymous>)
      at Emittery.emit 
(node_modules/emittery/
index.js:361:23)

FAIL tests/integration_
merge.test.js
  ΓùÅ Test suite 
failed to run

    Your test suite 
must contain at least 
one test.

      at onResult (node
_modules/@jest/core/bui
ld/TestScheduler.js:133
:18)
      at node_modules/@
jest/core/build/TestSch
eduler.js:254:19
      at node_modules/e
mittery/index.js:363:13
          at Array.map 
(<anonymous>)
      at Emittery.emit 
(node_modules/emittery/
index.js:361:23)

FAIL 
tests/intent.test.js
  ΓùÅ Console

    console.log
      [dotenv@17.3.1] 
injecting env (6) from 
.env -- tip: ΓÜÖ∩╕Å  
write to custom object 
with { processEnv: 
myObject }

      at _log (node_mod
ules/dotenv/lib/main.js
:139:11)

    console.log
      [dotenv@17.3.1] 
injecting env (0) from 
.env -- tip: ΓÜí∩╕Å 
secrets for agents: 
https://dotenvx.com/as2

      at _log (node_mod
ules/dotenv/lib/main.js
:139:11)

    console.log
      ≡ƒöä New 
conversation detected 
for mera order kaha 
hai ΓÇö browsing state 
reset

      at log 
(src/index.js:39:15)

    console.log
      ≡ƒöä New 
conversation detected 
for where is my order 
ΓÇö browsing state 
reset

      at log 
(src/index.js:39:15)

    console.log
      ≡ƒöä New 
conversation detected 
for mujhe order 
chahiye ΓÇö browsing 
state reset

      at log 
(src/index.js:39:15)

    console.log
      ≡ƒöä New 
conversation detected 
for I want to place an 
order ΓÇö browsing 
state reset

      at log 
(src/index.js:39:15)

    console.log
      ≡ƒöä New 
conversation detected 
for payment ho gaya 
ΓÇö browsing state 
reset

      at log 
(src/index.js:39:15)

    console.log
      ≡ƒöä New 
conversation detected 
for cancel my order 
ΓÇö browsing state 
reset

      at log 
(src/index.js:39:15)

    console.log
      ≡ƒöä New 
conversation detected 
for asdfghjkl ΓÇö 
browsing state reset

      at log 
(src/index.js:39:15)

  ΓùÅ Intent Detection 
ΓÇô Regex Based ΓÇ║ 
Hindi ORDER_STATUS 
intent

    expect(received).to
Be(expected) // 
Object.is equality

    Expected: 
"ORDER_STATUS"
    Received: undefined

    [0m [90m 4 
|[39m   
test([32m"Hindi 
ORDER_STATUS intent"[3
9m[33m,[39m () 
[33m=>[39m {
     [90m 5 |[39m    
 [36mconst[39m 
result [33m=[39m proc
essMessage([32m"mera 
order kaha 
hai"[39m)[33m;[39m
    [31m[1m>[22m[39
m[90m 6 |[39m     exp
ect(result[33m.[39min
tent)[33m.[39mtoBe([
32m"ORDER_STATUS"[39m)
[33m;[39m
     [90m   |[39m    
                       
[31m[1m^[22m[39m
     [90m 7 |[39m    
 expect(result[33m.[3
9mlanguage)[33m.[39mt
oBe([32m"hi"[39m)[33
m;[39m
     [90m 8 |[39m   
})[33m;[39m
     [90m 9 |[39m[0m

      at Object.toBe (t
ests/intent.test.js:6:2
7)

  ΓùÅ Intent Detection 
ΓÇô Regex Based ΓÇ║ 
English ORDER_STATUS 
intent

    expect(received).to
Be(expected) // 
Object.is equality

    Expected: 
"ORDER_STATUS"
    Received: undefined

    [0m [90m 10 
|[39m   
test([32m"English 
ORDER_STATUS intent"[3
9m[33m,[39m () 
[33m=>[39m {
     [90m 11 |[39m   
  [36mconst[39m 
result [33m=[39m proc
essMessage([32m"where 
is my 
order"[39m)[33m;[39m
    [31m[1m>[22m[39
m[90m 12 |[39m     ex
pect(result[33m.[39mi
ntent)[33m.[39mtoBe(
[32m"ORDER_STATUS"[39m
)[33m;[39m
     [90m    |[39m   
                       
 [31m[1m^[22m[39m
     [90m 13 |[39m   
  expect(result[33m.[
39mlanguage)[33m.[39m
toBe([32m"en"[39m)[3
3m;[39m
     [90m 14 |[39m   
})[33m;[39m
     [90m 15 
|[39m[0m

      at Object.toBe (t
ests/intent.test.js:12:
27)

  ΓùÅ Intent Detection 
ΓÇô Regex Based ΓÇ║ 
Hindi ORDER_NEW intent

    expect(received).to
Be(expected) // 
Object.is equality

    Expected: 
"ORDER_NEW"
    Received: undefined

    [0m [90m 16 
|[39m   
test([32m"Hindi 
ORDER_NEW intent"[39m
[33m,[39m () 
[33m=>[39m {
     [90m 17 |[39m   
  [36mconst[39m 
result [33m=[39m proc
essMessage([32m"mujhe 
order chahiye"[39m)[3
3m;[39m
    [31m[1m>[22m[39
m[90m 18 |[39m     ex
pect(result[33m.[39mi
ntent)[33m.[39mtoBe(
[32m"ORDER_NEW"[39m)[
33m;[39m
     [90m    |[39m   
                       
 [31m[1m^[22m[39m
     [90m 19 |[39m   
  expect(result[33m.[
39mlanguage)[33m.[39m
toBe([32m"hi"[39m)[3
3m;[39m
     [90m 20 |[39m   
})[33m;[39m
     [90m 21 
|[39m[0m

      at Object.toBe (t
ests/intent.test.js:18:
27)

  ΓùÅ Intent Detection 
ΓÇô Regex Based ΓÇ║ 
English ORDER_NEW 
intent

    expect(received).to
Be(expected) // 
Object.is equality

    Expected: 
"ORDER_NEW"
    Received: undefined

    [0m [90m 22 
|[39m   
test([32m"English 
ORDER_NEW intent"[39m
[33m,[39m () 
[33m=>[39m {
     [90m 23 |[39m   
  [36mconst[39m 
result [33m=[39m 
processMessage([32m"I 
want to place an 
order"[39m)[33m;[39m
    [31m[1m>[22m[39
m[90m 24 |[39m     ex
pect(result[33m.[39mi
ntent)[33m.[39mtoBe(
[32m"ORDER_NEW"[39m)[
33m;[39m
     [90m    |[39m   
                       
 [31m[1m^[22m[39m
     [90m 25 |[39m   
  expect(result[33m.[
39mlanguage)[33m.[39m
toBe([32m"en"[39m)[3
3m;[39m
     [90m 26 |[39m   
})[33m;[39m
     [90m 27 
|[39m[0m

      at Object.toBe (t
ests/intent.test.js:24:
27)

  ΓùÅ Intent Detection 
ΓÇô Regex Based ΓÇ║ 
Hindi PAYMENT intent

    expect(received).to
Be(expected) // 
Object.is equality

    Expected: "PAYMENT"
    Received: undefined

    [0m [90m 28 
|[39m   
test([32m"Hindi 
PAYMENT intent"[39m[3
3m,[39m () 
[33m=>[39m {
     [90m 29 |[39m   
  [36mconst[39m 
result [33m=[39m proc
essMessage([32m"paymen
t ho 
gaya"[39m)[33m;[39m
    [31m[1m>[22m[39
m[90m 30 |[39m     ex
pect(result[33m.[39mi
ntent)[33m.[39mtoBe(
[32m"PAYMENT"[39m)[33
m;[39m
     [90m    |[39m   
                       
 [31m[1m^[22m[39m
     [90m 31 |[39m   
  expect(result[33m.[
39mlanguage)[33m.[39m
toBe([32m"hi"[39m)[3
3m;[39m
     [90m 32 |[39m   
})[33m;[39m
     [90m 33 
|[39m[0m

      at Object.toBe (t
ests/intent.test.js:30:
27)

  ΓùÅ Intent Detection 
ΓÇô Regex Based ΓÇ║ 
English CANCEL_ORDER 
intent

    expect(received).to
Be(expected) // 
Object.is equality

    Expected: 
"CANCEL_ORDER"
    Received: undefined

    [0m [90m 34 
|[39m   
test([32m"English 
CANCEL_ORDER intent"[3
9m[33m,[39m () 
[33m=>[39m {
     [90m 35 |[39m   
  [36mconst[39m 
result [33m=[39m proc
essMessage([32m"cancel
 my 
order"[39m)[33m;[39m
    [31m[1m>[22m[39
m[90m 36 |[39m     ex
pect(result[33m.[39mi
ntent)[33m.[39mtoBe(
[32m"CANCEL_ORDER"[39m
)[33m;[39m
     [90m    |[39m   
                       
 [31m[1m^[22m[39m
     [90m 37 |[39m   
  expect(result[33m.[
39mlanguage)[33m.[39m
toBe([32m"en"[39m)[3
3m;[39m
     [90m 38 |[39m   
})[33m;[39m
     [90m 39 
|[39m[0m

      at Object.toBe (t
ests/intent.test.js:36:
27)

  ΓùÅ Intent Detection 
ΓÇô Regex Based ΓÇ║ 
UNKNOWN intent fallback

    expect(received).to
Be(expected) // 
Object.is equality

    Expected: "UNKNOWN"
    Received: undefined

    [0m [90m 40 
|[39m   
test([32m"UNKNOWN 
intent fallback"[39m[
33m,[39m () 
[33m=>[39m {
     [90m 41 |[39m   
  [36mconst[39m 
result [33m=[39m proc
essMessage([32m"asdfgh
jkl"[39m)[33m;[39m
    [31m[1m>[22m[39
m[90m 42 |[39m     ex
pect(result[33m.[39mi
ntent)[33m.[39mtoBe(
[32m"UNKNOWN"[39m)[33
m;[39m
     [90m    |[39m   
                       
 [31m[1m^[22m[39m
     [90m 43 |[39m   
  expect(result[33m.[
39mconfidence)[33m.[3
9mtoBe([32m"LOW"[39m)
[33m;[39m
     [90m 44 |[39m   
})[33m;[39m
     [90m 45 |[39m 
})[33m;[39m[0m

      at Object.toBe (t
ests/intent.test.js:42:
27)


  ΓùÅ  Cannot log 
after tests are done. 
Did you forget to wait 
for something async in 
your test?
    Attempted to log 
"TypeError: 
r1.toLowerCase is not 
a function
        at testFlows 
(C:\Users\Advika Nagool
\Desktop\whatsappintegr
ation\intent-engine\tes
ts\platform_integration
.test.js:9:11)
        at processTicks
AndRejections (node:int
ernal/process/task_queu
es:105:5)".

    [0m [90m  7 
|[39m
     [90m  8 |[39m   
  [90m// Test 1: 
Greeting & 
Continuity[39m
    [31m[1m>[22m[39
m[90m  9 |[39m     co
nsole[33m.[39mlog([3
2m"Test 1: Greeting"[3
9m)[33m;[39m
     [90m    |[39m   
        
[31m[1m^[22m[39m
     [90m 10 |[39m   
  [36mconst[39m r1 
[33m=[39m 
[36mawait[39m handleW
hatsAppMessage(user[33
m,[39m [32m"Hello"[3
9m)[33m;[39m
     [90m 11 |[39m   
  [36mif[39m ([33m!
[39mr1[33m.[39mtoLowe
rCase()[33m.[39minclu
des([32m'urbanwear'[3
9m)) {
     [90m 12 |[39m   
      console[33m.[39
merror([32m"Failed 
Test 
1"[39m)[33m;[39m[0m

      at testFlows (tes
ts/platform_integration
.test.js:9:11)
      at processTicksAn
dRejections (node:inter
nal/process/task_queues
:105:5)".
      at console.error 
(node_modules/@jest/con
sole/build/BufferedCons
ole.js:127:10)


  ΓùÅ  Cannot log 
after tests are done. 
Did you forget to wait 
for something async in 
your test?
    Attempted to log 
"Error handling 
message: TypeError: 
Cannot read properties 
of undefined (reading 
'toLowerCase')
        at Function.che
ckLocalRegex 
(C:\Users\Advika Nagool
\Desktop\whatsappintegr
ation\intent-engine\src
\intentClassifier.js:20
96:40)
        at 
Function.classify 
(C:\Users\Advika Nagool
\Desktop\whatsappintegr
ation\intent-engine\src
\intentClassifier.js:18
50:36)
        at 
routeRequest 
(C:\Users\Advika Nagool
\Desktop\whatsappintegr
ation\intent-engine\src
\router.js:567:52)
        at 
handleWhatsAppMessage 
(C:\Users\Advika Nagool
\Desktop\whatsappintegr
ation\intent-engine\src
\index.js:1514:38)
        at processTicks
AndRejections (node:int
ernal/process/task_queu
es:105:5)".

    [0m[0m

      at Function.check
LocalRegex (src/intentC
lassifier.js:2096:40)
      at 
Function.classify (src/
intentClassifier.js:185
0:36)
      at routeRequest 
(src/router.js:567:52)
      at 
handleWhatsAppMessage 
(src/index.js:1514:38)
      at processTicksAn
dRejections (node:inter
nal/process/task_queues
:105:5)".
      at console.error 
(node_modules/@jest/con
sole/build/BufferedCons
ole.js:127:10)
      at error 
(src/index.js:140:13)


  ΓùÅ  Cannot log 
after tests are done. 
Did you forget to wait 
for something async in 
your test?
    Attempted to log 
"Error handling 
message: TypeError: 
Cannot read properties 
of undefined (reading 
'toLowerCase')
        at Function.che
ckLocalRegex 
(C:\Users\Advika Nagool
\Desktop\whatsappintegr
ation\intent-engine\src
\intentClassifier.js:20
96:40)
        at 
Function.classify 
(C:\Users\Advika Nagool
\Desktop\whatsappintegr
ation\intent-engine\src
\intentClassifier.js:18
50:36)
        at 
routeRequest 
(C:\Users\Advika Nagool
\Desktop\whatsappintegr
ation\intent-engine\src
\router.js:567:52)
        at 
handleWhatsAppMessage 
(C:\Users\Advika Nagool
\Desktop\whatsappintegr
ation\intent-engine\src
\index.js:1514:38)
        at processTicks
AndRejections (node:int
ernal/process/task_queu
es:105:5)".

    [0m[0m

      at Function.check
LocalRegex (src/intentC
lassifier.js:2096:40)
      at 
Function.classify (src/
intentClassifier.js:185
0:36)
      at routeRequest 
(src/router.js:567:52)
      at 
handleWhatsAppMessage 
(src/index.js:1514:38)
      at processTicksAn
dRejections (node:inter
nal/process/task_queues
:105:5)".
      at console.error 
(node_modules/@jest/con
sole/build/BufferedCons
ole.js:127:10)
      at error 
(src/index.js:140:13)


  ΓùÅ  Cannot log 
after tests are done. 
Did you forget to wait 
for something async in 
your test?
    Attempted to log 
"Error handling 
message: TypeError: 
Cannot read properties 
of undefined (reading 
'toLowerCase')
        at Function.che
ckLocalRegex 
(C:\Users\Advika Nagool
\Desktop\whatsappintegr
ation\intent-engine\src
\intentClassifier.js:20
96:40)
        at 
Function.classify 
(C:\Users\Advika Nagool
\Desktop\whatsappintegr
ation\intent-engine\src
\intentClassifier.js:18
50:36)
        at 
routeRequest 
(C:\Users\Advika Nagool
\Desktop\whatsappintegr
ation\intent-engine\src
\router.js:567:52)
        at 
handleWhatsAppMessage 
(C:\Users\Advika Nagool
\Desktop\whatsappintegr
ation\intent-engine\src
\index.js:1514:38)
        at processTicks
AndRejections (node:int
ernal/process/task_queu
es:105:5)".

    [0m[0m

      at Function.check
LocalRegex (src/intentC
lassifier.js:2096:40)
      at 
Function.classify (src/
intentClassifier.js:185
0:36)
      at routeRequest 
(src/router.js:567:52)
      at 
handleWhatsAppMessage 
(src/index.js:1514:38)
      at processTicksAn
dRejections (node:inter
nal/process/task_queues
:105:5)".
      at console.error 
(node_modules/@jest/con
sole/build/BufferedCons
ole.js:127:10)
      at error 
(src/index.js:140:13)


  ΓùÅ  Cannot log 
after tests are done. 
Did you forget to wait 
for something async in 
your test?
    Attempted to log 
"Error handling 
message: TypeError: 
Cannot read properties 
of undefined (reading 
'toLowerCase')
        at Function.che
ckLocalRegex 
(C:\Users\Advika Nagool
\Desktop\whatsappintegr
ation\intent-engine\src
\intentClassifier.js:20
96:40)
        at 
Function.classify 
(C:\Users\Advika Nagool
\Desktop\whatsappintegr
ation\intent-engine\src
\intentClassifier.js:18
50:36)
        at 
routeRequest 
(C:\Users\Advika Nagool
\Desktop\whatsappintegr
ation\intent-engine\src
\router.js:567:52)
        at 
handleWhatsAppMessage 
(C:\Users\Advika Nagool
\Desktop\whatsappintegr
ation\intent-engine\src
\index.js:1514:38)
        at processTicks
AndRejections (node:int
ernal/process/task_queu
es:105:5)".

    [0m[0m

      at Function.check
LocalRegex (src/intentC
lassifier.js:2096:40)
      at 
Function.classify (src/
intentClassifier.js:185
0:36)
      at routeRequest 
(src/router.js:567:52)
      at 
handleWhatsAppMessage 
(src/index.js:1514:38)
      at processTicksAn
dRejections (node:inter
nal/process/task_queues
:105:5)".
      at console.error 
(node_modules/@jest/con
sole/build/BufferedCons
ole.js:127:10)
      at error 
(src/index.js:140:13)


  ΓùÅ  Cannot log 
after tests are done. 
Did you forget to wait 
for something async in 
your test?
    Attempted to log 
"Error handling 
message: TypeError: 
Cannot read properties 
of undefined (reading 
'toLowerCase')
        at Function.che
ckLocalRegex 
(C:\Users\Advika Nagool
\Desktop\whatsappintegr
ation\intent-engine\src
\intentClassifier.js:20
96:40)
        at 
Function.classify 
(C:\Users\Advika Nagool
\Desktop\whatsappintegr
ation\intent-engine\src
\intentClassifier.js:18
50:36)
        at 
routeRequest 
(C:\Users\Advika Nagool
\Desktop\whatsappintegr
ation\intent-engine\src
\router.js:567:52)
        at 
handleWhatsAppMessage 
(C:\Users\Advika Nagool
\Desktop\whatsappintegr
ation\intent-engine\src
\index.js:1514:38)
        at processTicks
AndRejections (node:int
ernal/process/task_queu
es:105:5)".

    [0m[0m

      at Function.check
LocalRegex (src/intentC
lassifier.js:2096:40)
      at 
Function.classify (src/
intentClassifier.js:185
0:36)
      at routeRequest 
(src/router.js:567:52)
      at 
handleWhatsAppMessage 
(src/index.js:1514:38)
      at processTicksAn
dRejections (node:inter
nal/process/task_queues
:105:5)".
      at console.error 
(node_modules/@jest/con
sole/build/BufferedCons
ole.js:127:10)
      at error 
(src/index.js:140:13)


  ΓùÅ  Cannot log 
after tests are done. 
Did you forget to wait 
for something async in 
your test?
    Attempted to log 
"Bot Response: [object 
Object]".

    [0m [90m 13 
|[39m     [90m// 
"mera order kaha hai" 
is in intents_config.js
on[39m
     [90m 14 |[39m   
  [36mconst[39m r1 
[33m=[39m 
[36mawait[39m handleW
hatsAppMessage(user[33
m,[39m [32m"mera 
order kaha 
hai"[39m)[33m;[39m
    [31m[1m>[22m[39
m[90m 15 |[39m     co
nsole[33m.[39mlog([3
2m`Bot Response: 
${r1}`[39m)[33m;[39m
     [90m    |[39m   
          
[31m[1m^[22m[39m
     [90m 16 |[39m   
  [90m// Should 
trigger FAQ/Order 
status and notice the 
dues proactively[39m
     [90m 17 |[39m
     [90m 18 |[39m   
  [90m// Test 2: VIP 
Tagging Logic[39m[0m

      at console.log (n
ode_modules/@jest/conso
le/build/BufferedConsol
e.js:156:10)
      at log (tests/int
egration_merge.test.js:
15:13)


  ΓùÅ  Cannot log 
after tests are done. 
Did you forget to wait 
for something async in 
your test?
    Attempted to log 
"Error handling 
message: TypeError: 
Cannot read properties 
of undefined (reading 
'toLowerCase')
        at Function.che
ckLocalRegex 
(C:\Users\Advika Nagool
\Desktop\whatsappintegr
ation\intent-engine\src
\intentClassifier.js:20
96:40)
        at 
Function.classify 
(C:\Users\Advika Nagool
\Desktop\whatsappintegr
ation\intent-engine\src
\intentClassifier.js:18
50:36)
        at 
routeRequest 
(C:\Users\Advika Nagool
\Desktop\whatsappintegr
ation\intent-engine\src
\router.js:567:52)
        at 
handleWhatsAppMessage 
(C:\Users\Advika Nagool
\Desktop\whatsappintegr
ation\intent-engine\src
\index.js:1514:38)
        at processTicks
AndRejections (node:int
ernal/process/task_queu
es:105:5)".

    [0m[0m

      at Function.check
LocalRegex (src/intentC
lassifier.js:2096:40)
      at 
Function.classify (src/
intentClassifier.js:185
0:36)
      at routeRequest 
(src/router.js:567:52)
      at 
handleWhatsAppMessage 
(src/index.js:1514:38)
      at processTicksAn
dRejections (node:inter
nal/process/task_queues
:105:5)".
      at console.error 
(node_modules/@jest/con
sole/build/BufferedCons
ole.js:127:10)
      at error 
(src/index.js:140:13)


  ΓùÅ  Cannot log 
after tests are done. 
Did you forget to wait 
for something async in 
your test?
    Attempted to log "
    Test 2: VIP 
Promotion Logic".

    [0m [90m 17 
|[39m
     [90m 18 |[39m   
  [90m// Test 2: VIP 
Tagging Logic[39m
    [31m[1m>[22m[39
m[90m 19 |[39m     co
nsole[33m.[39mlog([3
2m"\nTest 2: VIP 
Promotion 
Logic"[39m)[33m;[39m
     [90m    |[39m   
          
[31m[1m^[22m[39m
     [90m 20 |[39m   
  [90m// User already 
has 2 orders in sample 
data.[39m
     [90m 21 |[39m   
  [90m// Triggering a 
successful order 
should promote 
them[39m
     [90m 22 |[39m   
  [90m// Simulation: 
We assume checking a 
product and saying yes 
is an order for this 
prototype[39m[0m

      at console.log (n
ode_modules/@jest/conso
le/build/BufferedConsol
e.js:156:10)
      at log (tests/int
egration_merge.test.js:
19:13)


ReferenceError: You 
are trying to `import` 
a file after the Jest 
environment has been 
torn down. From tests/i
ntegration_merge.test.j
s.

    [0m [90m 25 
|[39m     [90m// We 
can directly call the 
router logic or 
simulate through 
index[39m
     [90m 26 |[39m   
  [90m// For now, 
let's verify the 
customerService 
directly as it's the 
core of the merge[39m
    [31m[1m>[22m[39
m[90m 27 |[39m     
[36mconst[39m [33mCu
stomerService[39m 
[33m=[39m require([3
2m'../src/customerServi
ce'[39m)[33m;[39m
     [90m    |[39m   
                       
   [31m[1m^[22m[39m
     [90m 28 |[39m   
  [33mCustomerService
[39m[33m.[39mupdateOr
derStats(tenantId[33m,
[39m user)[33m;[39m 
[90m// 3rd order[39m
     [90m 29 |[39m   
  [36mconst[39m 
updated [33m=[39m [3
3mCustomerService[39m
[33m.[39mgetOrCreateCu
stomer(tenantId[33m,[
39m user)[33m;[39m
     [90m 30 |[39m   
  [36mif[39m (updated
[33m.[39mtags[33m.[
39mincludes([32m'vip'
[39m)) {[0m

      at require (tests
/integration_merge.test
.js:27:29)

  ΓùÅ  Cannot log 
after tests are done. 
Did you forget to wait 
for something async in 
your test?
    Attempted to log 
"TypeError: CustomerSer
vice.updateOrderStats 
is not a function
        at 
testMergedLogic 
(C:\Users\Advika Nagool
\Desktop\whatsappintegr
ation\intent-engine\tes
ts\integration_merge.te
st.js:26:19)
        at processTicks
AndRejections (node:int
ernal/process/task_queu
es:105:5)".

    [0m [90m 24 
|[39m
     [90m 25 |[39m   
  [90m// We can 
directly call the 
router logic or 
simulate through 
index[39m
    [31m[1m>[22m[39
m[90m 26 |[39m     
[90m// For now, let's 
verify the 
customerService 
directly as it's the 
core of the merge[39m
     [90m    |[39m   
                
[31m[1m^[22m[39m
     [90m 27 |[39m   
  [36mconst[39m [33m
CustomerService[39m 
[33m=[39m require([3
2m'../src/customerServi
ce'[39m)[33m;[39m
     [90m 28 |[39m   
  [33mCustomerService
[39m[33m.[39mupdateOr
derStats(tenantId[33m,
[39m user)[33m;[39m 
[90m// 3rd order[39m
     [90m 29 |[39m   
  [36mconst[39m 
updated [33m=[39m [3
3mCustomerService[39m
[33m.[39mgetOrCreateCu
stomer(tenantId[33m,[
39m 
user)[33m;[39m[0m

      at 
testMergedLogic (tests/
integration_merge.test.
js:26:19)
      at processTicksAn
dRejections (node:inter
nal/process/task_queues
:105:5)".
      at console.error 
(node_modules/@jest/con
sole/build/BufferedCons
ole.js:127:10)

A worker process has 
failed to exit 
gracefully and has 
been force exited. 
This is likely caused 
by tests leaking due 
to improper teardown. 
Try running with 
--detectOpenHandles to 
find leaks. Active 
timers can also cause 
this, ensure that 
.unref() was called on 
them.
-----------------------|---------|----------|---------|---------|----------------------
File                   | % Stmts | % Branch | % Funcs | % Lines | Uncovered Line #s    
-----------------------|---------|----------|---------|---------|----------------------
All files              |   28.24 |    11.29 |   25.39 |   28.94 |                      
 src                   |   19.03 |     4.74 |      10 |   19.77 |                      
  customerService.js   |    5.08 |     2.43 |    12.5 |    5.35 | 10-107,124-171       
  fallbackEngine.js    |   28.57 |        0 |       0 |   28.57 | 13-37                
  index.js             |   44.59 |       35 |      25 |   44.59 | 46-56,66-141,150-170 
  intentClassifier.js  |   10.34 |        0 |       0 |   10.34 | 18-177               
  knowledgeEngine.js   |     5.4 |        0 |       0 |    6.25 | 11-158               
  memoryManager.js     |   27.27 |        0 |       0 |   27.27 | 26-54                
  responseGenerator.js |    4.34 |        0 |       0 |    4.61 | 11-209               
  router.js            |      28 |        0 |       0 |      28 | 15-61                
  sessionManager.js    |   46.66 |       25 |   33.33 |   46.66 | 19-50                
  supabaseClient.js    |    87.5 |    54.54 |     100 |    87.5 | 8                    
  tenantResolver.js    |    87.5 |       50 |     100 |    87.5 | 19                   
  transactionEngine.js |    7.14 |        0 |       0 |    7.14 | 10-120               
 src/detector          |   94.28 |     82.6 |   83.33 |   96.87 |                      
  detectIntent.js      |   94.28 |     82.6 |   83.33 |   96.87 | 57                   
 src/utils             |    87.5 |    58.33 |   85.71 |    93.1 |                      
  fuzzyMatch.js        |   86.95 |    66.66 |   83.33 |      95 | 40                   
  unknownlogger.js     |   88.88 |    33.33 |     100 |   88.88 | 20                   
-----------------------|---------|----------|---------|---------|----------------------
Test Suites: 4 failed, 
4 total
Tests:       10 
failed, 3 passed, 13 
total
Snapshots:   0 total
Time:        3.831 s
Ran all test suites.
